{"sessionId":"fa1d6b","location":"BoardManager.SyncOpponentBoardFromServerState","message":"sync","data":{"phase":"ResourceGain","boardLen":0,"opponentCount":0},"timestamp":1771822448522,"hypothesisId":"H1"}
{"sessionId":"fa1d6b","location":"BoardManager.SyncOpponentBoardFromServerState","message":"sync","data":{"phase":"ResourceGain","boardLen":0,"opponentCount":0},"timestamp":1771822449081,"hypothesisId":"H1"}
{"sessionId":"fa1d6b","location":"BoardManager.SyncOpponentBoardFromServerState","message":"sync","data":{"phase":"ResourceGain","boardLen":0,"opponentCount":0},"timestamp":1771822449083,"hypothesisId":"H1"}
{"sessionId":"fa1d6b","location":"BoardManager.SyncOpponentBoardFromServerState","message":"sync","data":{"phase":"Planning","boardLen":3,"opponentCount":0},"timestamp":1771822451957,"hypothesisId":"H1"}
{"sessionId":"fa1d6b","location":"BoardManager.PlaceOpponentCardFromSync","message":"place","data":{"phase":"Planning","alreadyRevealed":false,"cardId":57,"round":1},"timestamp":1771822451962,"hypothesisId":"H1","runId":"post-fix"}
{"sessionId":"fa1d6b","location":"BoardManager.SyncOpponentBoardFromServerState","message":"sync","data":{"phase":"Planning","boardLen":3,"opponentCount":1},"timestamp":1771822457865,"hypothesisId":"H1"}
{"sessionId":"fa1d6b","location":"BoardManager.PlaceOpponentCardFromSync","message":"place","data":{"phase":"Planning","alreadyRevealed":false,"cardId":57,"round":1},"timestamp":1771822457867,"hypothesisId":"H1","runId":"post-fix"}
{"sessionId":"fa1d6b","location":"BoardManager.SyncOpponentBoardFromServerState","message":"sync","data":{"phase":"ResourceGain","boardLen":3,"opponentCount":1},"timestamp":1771822466383,"hypothesisId":"H1"}
{"sessionId":"fa1d6b","location":"BoardManager.PlaceOpponentCardFromSync","message":"place","data":{"phase":"ResourceGain","alreadyRevealed":true,"cardId":57,"round":2},"timestamp":1771822466384,"hypothesisId":"H1","runId":"post-fix"}
{"sessionId":"fa1d6b","location":"BoardManager.SyncOpponentBoardFromServerState","message":"sync","data":{"phase":"ResourceGain","boardLen":3,"opponentCount":1},"timestamp":1771822466384,"hypothesisId":"H1"}
{"sessionId":"fa1d6b","location":"BoardManager.PlaceOpponentCardFromSync","message":"place","data":{"phase":"ResourceGain","alreadyRevealed":true,"cardId":57,"round":2},"timestamp":1771822466386,"hypothesisId":"H1","runId":"post-fix"}
{"sessionId":"fa1d6b","location":"BoardManager.SyncOpponentBoardFromServerState","message":"sync","data":{"phase":"Planning","boardLen":3,"opponentCount":1},"timestamp":1771822468695,"hypothesisId":"H1"}
{"sessionId":"fa1d6b","location":"BoardManager.PlaceOpponentCardFromSync","message":"place","data":{"phase":"Planning","alreadyRevealed":true,"cardId":57,"round":2},"timestamp":1771822468698,"hypothesisId":"H1","runId":"post-fix"}
{"sessionId":"fa1d6b","location":"BoardManager.PlaceOpponentCardFromSync","message":"place","data":{"phase":"Planning","alreadyRevealed":true,"cardId":28,"round":2},"timestamp":1771822468698,"hypothesisId":"H1","runId":"post-fix"}
{"sessionId":"fa1d6b","location":"BoardManager.SyncOpponentBoardFromServerState","message":"sync","data":{"phase":"Planning","boardLen":3,"opponentCount":2},"timestamp":1771822486686,"hypothesisId":"H1"}
{"sessionId":"fa1d6b","location":"BoardManager.PlaceOpponentCardFromSync","message":"place","data":{"phase":"Planning","alreadyRevealed":true,"cardId":57,"round":2},"timestamp":1771822486689,"hypothesisId":"H1","runId":"post-fix"}
{"sessionId":"fa1d6b","location":"BoardManager.PlaceOpponentCardFromSync","message":"place","data":{"phase":"Planning","alreadyRevealed":true,"cardId":28,"round":2},"timestamp":1771822486690,"hypothesisId":"H1","runId":"post-fix"}
{"sessionId":"fa1d6b","location":"BoardManager.SyncOpponentBoardFromServerState","message":"sync","data":{"phase":"Planning","boardLen":3,"opponentCount":2},"timestamp":1771822486695,"hypothesisId":"H1"}
{"sessionId":"fa1d6b","location":"BoardManager.PlaceOpponentCardFromSync","message":"place","data":{"phase":"Planning","alreadyRevealed":true,"cardId":57,"round":2},"timestamp":1771822486698,"hypothesisId":"H1","runId":"post-fix"}
{"sessionId":"fa1d6b","location":"BoardManager.PlaceOpponentCardFromSync","message":"place","data":{"phase":"Planning","alreadyRevealed":true,"cardId":28,"round":2},"timestamp":1771822486700,"hypothesisId":"H1","runId":"post-fix"}
{"sessionId":"fa1d6b","location":"BoardManager.SyncOpponentBoardFromServerState","message":"sync","data":{"phase":"Planning","boardLen":3,"opponentCount":2},"timestamp":1771822486702,"hypothesisId":"H1"}
{"sessionId":"fa1d6b","location":"BoardManager.PlaceOpponentCardFromSync","message":"place","data":{"phase":"Planning","alreadyRevealed":true,"cardId":57,"round":2},"timestamp":1771822486702,"hypothesisId":"H1","runId":"post-fix"}
{"sessionId":"fa1d6b","location":"BoardManager.PlaceOpponentCardFromSync","message":"place","data":{"phase":"Planning","alreadyRevealed":true,"cardId":28,"round":2},"timestamp":1771822486705,"hypothesisId":"H1","runId":"post-fix"}
{"sessionId":"fa1d6b","location":"BoardManager.SyncOpponentBoardFromServerState","message":"sync","data":{"phase":"Reveal","boardLen":3,"opponentCount":2},"timestamp":1771822489692,"hypothesisId":"H1"}
{"sessionId":"fa1d6b","location":"BoardManager.PlaceOpponentCardFromSync","message":"place","data":{"phase":"Reveal","alreadyRevealed":true,"cardId":57,"round":2},"timestamp":1771822489693,"hypothesisId":"H1","runId":"post-fix"}
{"sessionId":"fa1d6b","location":"BoardManager.PlaceOpponentCardFromSync","message":"place","data":{"phase":"Reveal","alreadyRevealed":true,"cardId":28,"round":2},"timestamp":1771822489694,"hypothesisId":"H1","runId":"post-fix"}
{"sessionId":"fa1d6b","location":"BoardManager.SyncOpponentBoardFromServerState","message":"sync","data":{"phase":"Reveal","boardLen":3,"opponentCount":2},"timestamp":1771822489698,"hypothesisId":"H1"}
{"sessionId":"fa1d6b","location":"BoardManager.PlaceOpponentCardFromSync","message":"place","data":{"phase":"Reveal","alreadyRevealed":true,"cardId":57,"round":2},"timestamp":1771822489699,"hypothesisId":"H1","runId":"post-fix"}
{"sessionId":"fa1d6b","location":"BoardManager.PlaceOpponentCardFromSync","message":"place","data":{"phase":"Reveal","alreadyRevealed":true,"cardId":28,"round":2},"timestamp":1771822489700,"hypothesisId":"H1","runId":"post-fix"}
{"sessionId":"fa1d6b","location":"BoardManager.SyncOpponentBoardFromServerState","message":"sync","data":{"phase":"ResourceGain","boardLen":3,"opponentCount":2},"timestamp":1771822495224,"hypothesisId":"H1"}
{"sessionId":"fa1d6b","location":"BoardManager.PlaceOpponentCardFromSync","message":"place","data":{"phase":"ResourceGain","alreadyRevealed":true,"cardId":57,"round":3},"timestamp":1771822495225,"hypothesisId":"H1","runId":"post-fix"}
{"sessionId":"fa1d6b","location":"BoardManager.PlaceOpponentCardFromSync","message":"place","data":{"phase":"ResourceGain","alreadyRevealed":true,"cardId":28,"round":3},"timestamp":1771822495229,"hypothesisId":"H1","runId":"post-fix"}
{"sessionId":"fa1d6b","location":"BoardManager.SyncOpponentBoardFromServerState","message":"sync","data":{"phase":"ResourceGain","boardLen":3,"opponentCount":2},"timestamp":1771822495230,"hypothesisId":"H1"}
{"sessionId":"fa1d6b","location":"BoardManager.PlaceOpponentCardFromSync","message":"place","data":{"phase":"ResourceGain","alreadyRevealed":true,"cardId":57,"round":3},"timestamp":1771822495231,"hypothesisId":"H1","runId":"post-fix"}
{"sessionId":"fa1d6b","location":"BoardManager.PlaceOpponentCardFromSync","message":"place","data":{"phase":"ResourceGain","alreadyRevealed":true,"cardId":28,"round":3},"timestamp":1771822495232,"hypothesisId":"H1","runId":"post-fix"}
