{"sessionId":"0a7b18","location":"CardVisual.Initialize","message":"Initialize called","data":{"id":0,"dataName":"Blindsighted_T1","maxCharges":3},"hypothesisId":"H2,H3,H4","timestamp":1773035519493}
{"sessionId":"0a7b18","location":"CardVisual.RefreshChargeStars","message":"RefreshChargeStars","data":{"chargeStarsNull":false,"chargeStarsLength":3,"dataName":"Blindsighted_T1","maxCh":3,"showStars":true,"enabledCount":3},"hypothesisId":"H1,H2,H5","timestamp":1773035519496}
{"sessionId":"0a7b18","location":"CardVisual.RefreshChargeStars","message":"Find results","data":{"starRootName":"TiltPivot","foundStar1":true,"foundStar2":true,"foundStar3":true,"maxCh":3},"hypothesisId":"Find","timestamp":1773035519498}
{"sessionId":"0a7b18","location":"CardVisual.Initialize","message":"Initialize called","data":{"id":1,"dataName":"Blindsighted_T1","maxCharges":3},"hypothesisId":"H2,H3,H4","timestamp":1773035519508}
{"sessionId":"0a7b18","location":"CardVisual.RefreshChargeStars","message":"RefreshChargeStars","data":{"chargeStarsNull":false,"chargeStarsLength":3,"dataName":"Blindsighted_T1","maxCh":3,"showStars":true,"enabledCount":3},"hypothesisId":"H1,H2,H5","timestamp":1773035519510}
{"sessionId":"0a7b18","location":"CardVisual.RefreshChargeStars","message":"Find results","data":{"starRootName":"TiltPivot","foundStar1":true,"foundStar2":true,"foundStar3":true,"maxCh":3},"hypothesisId":"Find","timestamp":1773035519510}
{"sessionId":"0a7b18","location":"CardVisual.Initialize","message":"Initialize called","data":{"id":2,"dataName":"Blindsighted_T1","maxCharges":3},"hypothesisId":"H2,H3,H4","timestamp":1773035519512}
{"sessionId":"0a7b18","location":"CardVisual.RefreshChargeStars","message":"RefreshChargeStars","data":{"chargeStarsNull":false,"chargeStarsLength":3,"dataName":"Blindsighted_T1","maxCh":3,"showStars":true,"enabledCount":3},"hypothesisId":"H1,H2,H5","timestamp":1773035519512}
{"sessionId":"0a7b18","location":"CardVisual.RefreshChargeStars","message":"Find results","data":{"starRootName":"TiltPivot","foundStar1":true,"foundStar2":true,"foundStar3":true,"maxCh":3},"hypothesisId":"Find","timestamp":1773035519513}
{"sessionId":"0a7b18","location":"CardVisual.Initialize","message":"Initialize called","data":{"id":3,"dataName":"Blindsighted_T1","maxCharges":3},"hypothesisId":"H2,H3,H4","timestamp":1773035519515}
{"sessionId":"0a7b18","location":"CardVisual.RefreshChargeStars","message":"RefreshChargeStars","data":{"chargeStarsNull":false,"chargeStarsLength":3,"dataName":"Blindsighted_T1","maxCh":3,"showStars":true,"enabledCount":3},"hypothesisId":"H1,H2,H5","timestamp":1773035519516}
{"sessionId":"0a7b18","location":"CardVisual.RefreshChargeStars","message":"Find results","data":{"starRootName":"TiltPivot","foundStar1":true,"foundStar2":true,"foundStar3":true,"maxCh":3},"hypothesisId":"Find","timestamp":1773035519517}
{"sessionId":"0a7b18","location":"CardVisual.Initialize","message":"Initialize called","data":{"id":4,"dataName":"Blindsighted_T1","maxCharges":3},"hypothesisId":"H2,H3,H4","timestamp":1773035519518}
{"sessionId":"0a7b18","location":"CardVisual.RefreshChargeStars","message":"RefreshChargeStars","data":{"chargeStarsNull":false,"chargeStarsLength":3,"dataName":"Blindsighted_T1","maxCh":3,"showStars":true,"enabledCount":3},"hypothesisId":"H1,H2,H5","timestamp":1773035519518}
{"sessionId":"0a7b18","location":"CardVisual.RefreshChargeStars","message":"Find results","data":{"starRootName":"TiltPivot","foundStar1":true,"foundStar2":true,"foundStar3":true,"maxCh":3},"hypothesisId":"Find","timestamp":1773035519518}
{"sessionId":"0a7b18","location":"CardVisual.Initialize","message":"Initialize called","data":{"id":0,"dataName":"Blindsighted_T1","maxCharges":3},"hypothesisId":"H2,H3,H4","timestamp":1773035632605}
{"sessionId":"0a7b18","location":"CardVisual.RefreshChargeStars","message":"RefreshChargeStars","data":{"chargeStarsNull":false,"chargeStarsLength":3,"dataName":"Blindsighted_T1","maxCh":3,"showStars":true,"enabledCount":3},"hypothesisId":"H1,H2,H5","timestamp":1773035632606}
{"sessionId":"0a7b18","location":"CardVisual.RefreshChargeStars","message":"Find results","data":{"starRootName":"TiltPivot","foundStar1":true,"foundStar2":true,"foundStar3":true,"maxCh":3},"hypothesisId":"Find","timestamp":1773035632608}
{"sessionId":"0a7b18","location":"CardVisual.Initialize","message":"Initialize called","data":{"id":1,"dataName":"Blindsighted_T1","maxCharges":3},"hypothesisId":"H2,H3,H4","timestamp":1773035632612}
{"sessionId":"0a7b18","location":"CardVisual.RefreshChargeStars","message":"RefreshChargeStars","data":{"chargeStarsNull":false,"chargeStarsLength":3,"dataName":"Blindsighted_T1","maxCh":3,"showStars":true,"enabledCount":3},"hypothesisId":"H1,H2,H5","timestamp":1773035632612}
{"sessionId":"0a7b18","location":"CardVisual.RefreshChargeStars","message":"Find results","data":{"starRootName":"TiltPivot","foundStar1":true,"foundStar2":true,"foundStar3":true,"maxCh":3},"hypothesisId":"Find","timestamp":1773035632613}
{"sessionId":"0a7b18","location":"CardVisual.Initialize","message":"Initialize called","data":{"id":2,"dataName":"Blindsighted_T1","maxCharges":3},"hypothesisId":"H2,H3,H4","timestamp":1773035632614}
{"sessionId":"0a7b18","location":"CardVisual.RefreshChargeStars","message":"RefreshChargeStars","data":{"chargeStarsNull":false,"chargeStarsLength":3,"dataName":"Blindsighted_T1","maxCh":3,"showStars":true,"enabledCount":3},"hypothesisId":"H1,H2,H5","timestamp":1773035632614}
{"sessionId":"0a7b18","location":"CardVisual.RefreshChargeStars","message":"Find results","data":{"starRootName":"TiltPivot","foundStar1":true,"foundStar2":true,"foundStar3":true,"maxCh":3},"hypothesisId":"Find","timestamp":1773035632615}
{"sessionId":"0a7b18","location":"CardVisual.Initialize","message":"Initialize called","data":{"id":3,"dataName":"Blindsighted_T1","maxCharges":3},"hypothesisId":"H2,H3,H4","timestamp":1773035632616}
{"sessionId":"0a7b18","location":"CardVisual.RefreshChargeStars","message":"RefreshChargeStars","data":{"chargeStarsNull":false,"chargeStarsLength":3,"dataName":"Blindsighted_T1","maxCh":3,"showStars":true,"enabledCount":3},"hypothesisId":"H1,H2,H5","timestamp":1773035632616}
{"sessionId":"0a7b18","location":"CardVisual.RefreshChargeStars","message":"Find results","data":{"starRootName":"TiltPivot","foundStar1":true,"foundStar2":true,"foundStar3":true,"maxCh":3},"hypothesisId":"Find","timestamp":1773035632617}
{"sessionId":"0a7b18","location":"CardVisual.Initialize","message":"Initialize called","data":{"id":4,"dataName":"Blindsighted_T1","maxCharges":3},"hypothesisId":"H2,H3,H4","timestamp":1773035632619}
{"sessionId":"0a7b18","location":"CardVisual.RefreshChargeStars","message":"RefreshChargeStars","data":{"chargeStarsNull":false,"chargeStarsLength":3,"dataName":"Blindsighted_T1","maxCh":3,"showStars":true,"enabledCount":3},"hypothesisId":"H1,H2,H5","timestamp":1773035632620}
{"sessionId":"0a7b18","location":"CardVisual.RefreshChargeStars","message":"Find results","data":{"starRootName":"TiltPivot","foundStar1":true,"foundStar2":true,"foundStar3":true,"maxCh":3},"hypothesisId":"Find","timestamp":1773035632620}
{"sessionId":"0a7b18","location":"BoardManager.PerformMerge","message":"Calling Initialize with nextTier after merge","data":{"nextTierName":"Blindsighted_T2","nextTierMaxCharges":2},"hypothesisId":"H3,H4","timestamp":1773035640085}
{"sessionId":"0a7b18","location":"CardVisual.Initialize","message":"Initialize called","data":{"id":2,"dataName":"Blindsighted_T2","maxCharges":2},"hypothesisId":"H2,H3,H4","timestamp":1773035640086}
{"sessionId":"0a7b18","location":"CardVisual.RefreshChargeStars","message":"RefreshChargeStars","data":{"chargeStarsNull":false,"chargeStarsLength":3,"dataName":"Blindsighted_T2","maxCh":2,"showStars":true,"enabledCount":2},"hypothesisId":"H1,H2,H5","timestamp":1773035640086}
{"sessionId":"0a7b18","location":"CardVisual.RefreshChargeStars","message":"Find results","data":{"starRootName":"TiltPivot","foundStar1":true,"foundStar2":true,"foundStar3":true,"maxCh":2},"hypothesisId":"Find","timestamp":1773035640087}
{"sessionId":"0a7b18","location":"BoardManager.PerformMerge","message":"Calling Initialize with nextTier after merge","data":{"nextTierName":"Blindsighted_T2","nextTierMaxCharges":2},"hypothesisId":"H3,H4","timestamp":1773035643693}
{"sessionId":"0a7b18","location":"CardVisual.Initialize","message":"Initialize called","data":{"id":1,"dataName":"Blindsighted_T2","maxCharges":2},"hypothesisId":"H2,H3,H4","timestamp":1773035643695}
{"sessionId":"0a7b18","location":"CardVisual.RefreshChargeStars","message":"RefreshChargeStars","data":{"chargeStarsNull":false,"chargeStarsLength":3,"dataName":"Blindsighted_T2","maxCh":2,"showStars":true,"enabledCount":2},"hypothesisId":"H1,H2,H5","timestamp":1773035643696}
{"sessionId":"0a7b18","location":"CardVisual.RefreshChargeStars","message":"Find results","data":{"starRootName":"TiltPivot","foundStar1":true,"foundStar2":true,"foundStar3":true,"maxCh":2},"hypothesisId":"Find","timestamp":1773035643696}
{"sessionId":"0a7b18","location":"BoardManager.PerformMerge","message":"Calling Initialize with nextTier after merge","data":{"nextTierName":"Blindsighted_T3","nextTierMaxCharges":1},"hypothesisId":"H3,H4","timestamp":1773035644402}
{"sessionId":"0a7b18","location":"CardVisual.Initialize","message":"Initialize called","data":{"id":2,"dataName":"Blindsighted_T3","maxCharges":1},"hypothesisId":"H2,H3,H4","timestamp":1773035644402}
{"sessionId":"0a7b18","location":"CardVisual.RefreshChargeStars","message":"RefreshChargeStars","data":{"chargeStarsNull":false,"chargeStarsLength":3,"dataName":"Blindsighted_T3","maxCh":1,"showStars":true,"enabledCount":1},"hypothesisId":"H1,H2,H5","timestamp":1773035644404}
{"sessionId":"0a7b18","location":"CardVisual.RefreshChargeStars","message":"Find results","data":{"starRootName":"TiltPivot","foundStar1":true,"foundStar2":true,"foundStar3":true,"maxCh":1},"hypothesisId":"Find","timestamp":1773035644404}
{"sessionId":"0a7b18","location":"CardVisual.Initialize","message":"Initialize called","data":{"id":0,"dataName":"Blindsighted_T1","maxCharges":3},"hypothesisId":"H2,H3,H4","timestamp":1773035747151}
{"sessionId":"0a7b18","location":"CardVisual.RefreshChargeStars","message":"RefreshChargeStars","data":{"chargeStarsNull":false,"chargeStarsLength":3,"dataName":"Blindsighted_T1","maxCh":3,"showStars":true,"enabledCount":3},"hypothesisId":"H1,H2,H5","timestamp":1773035747153}
{"sessionId":"0a7b18","location":"CardVisual.RefreshChargeStars","message":"Find results","data":{"starRootName":"TiltPivot","foundStar1":true,"foundStar2":true,"foundStar3":true,"maxCh":3},"hypothesisId":"Find","timestamp":1773035747154}
{"sessionId":"0a7b18","location":"CardVisual.Initialize","message":"Initialize called","data":{"id":1,"dataName":"Blindsighted_T1","maxCharges":3},"hypothesisId":"H2,H3,H4","timestamp":1773035747158}
{"sessionId":"0a7b18","location":"CardVisual.RefreshChargeStars","message":"RefreshChargeStars","data":{"chargeStarsNull":false,"chargeStarsLength":3,"dataName":"Blindsighted_T1","maxCh":3,"showStars":true,"enabledCount":3},"hypothesisId":"H1,H2,H5","timestamp":1773035747158}
{"sessionId":"0a7b18","location":"CardVisual.RefreshChargeStars","message":"Find results","data":{"starRootName":"TiltPivot","foundStar1":true,"foundStar2":true,"foundStar3":true,"maxCh":3},"hypothesisId":"Find","timestamp":1773035747159}
{"sessionId":"0a7b18","location":"CardVisual.Initialize","message":"Initialize called","data":{"id":2,"dataName":"Blindsighted_T1","maxCharges":3},"hypothesisId":"H2,H3,H4","timestamp":1773035747160}
{"sessionId":"0a7b18","location":"CardVisual.RefreshChargeStars","message":"RefreshChargeStars","data":{"chargeStarsNull":false,"chargeStarsLength":3,"dataName":"Blindsighted_T1","maxCh":3,"showStars":true,"enabledCount":3},"hypothesisId":"H1,H2,H5","timestamp":1773035747160}
{"sessionId":"0a7b18","location":"CardVisual.RefreshChargeStars","message":"Find results","data":{"starRootName":"TiltPivot","foundStar1":true,"foundStar2":true,"foundStar3":true,"maxCh":3},"hypothesisId":"Find","timestamp":1773035747161}
{"sessionId":"0a7b18","location":"CardVisual.Initialize","message":"Initialize called","data":{"id":3,"dataName":"Blindsighted_T1","maxCharges":3},"hypothesisId":"H2,H3,H4","timestamp":1773035747163}
{"sessionId":"0a7b18","location":"CardVisual.RefreshChargeStars","message":"RefreshChargeStars","data":{"chargeStarsNull":false,"chargeStarsLength":3,"dataName":"Blindsighted_T1","maxCh":3,"showStars":true,"enabledCount":3},"hypothesisId":"H1,H2,H5","timestamp":1773035747163}
{"sessionId":"0a7b18","location":"CardVisual.RefreshChargeStars","message":"Find results","data":{"starRootName":"TiltPivot","foundStar1":true,"foundStar2":true,"foundStar3":true,"maxCh":3},"hypothesisId":"Find","timestamp":1773035747164}
{"sessionId":"0a7b18","location":"CardVisual.Initialize","message":"Initialize called","data":{"id":4,"dataName":"Blindsighted_T1","maxCharges":3},"hypothesisId":"H2,H3,H4","timestamp":1773035747165}
{"sessionId":"0a7b18","location":"CardVisual.RefreshChargeStars","message":"RefreshChargeStars","data":{"chargeStarsNull":false,"chargeStarsLength":3,"dataName":"Blindsighted_T1","maxCh":3,"showStars":true,"enabledCount":3},"hypothesisId":"H1,H2,H5","timestamp":1773035747166}
{"sessionId":"0a7b18","location":"CardVisual.RefreshChargeStars","message":"Find results","data":{"starRootName":"TiltPivot","foundStar1":true,"foundStar2":true,"foundStar3":true,"maxCh":3},"hypothesisId":"Find","timestamp":1773035747166}
{"sessionId":"0a7b18","location":"CardVisual.Initialize","message":"Initialize called","data":{"id":0,"dataName":"Blindsighted_T1","maxCharges":3},"hypothesisId":"H2,H3,H4","timestamp":1773035798260}
{"sessionId":"0a7b18","location":"CardVisual.RefreshChargeStars","message":"RefreshChargeStars","data":{"chargeStarsNull":false,"chargeStarsLength":3,"dataName":"Blindsighted_T1","maxCh":3,"showStars":true,"enabledCount":3},"hypothesisId":"H1,H2,H5","timestamp":1773035798264}
{"sessionId":"0a7b18","location":"CardVisual.RefreshChargeStars","message":"Find results","data":{"starRootName":"TiltPivot","foundStar1":true,"foundStar2":true,"foundStar3":true,"maxCh":3},"hypothesisId":"Find","timestamp":1773035798265}
{"sessionId":"0a7b18","location":"CardVisual.Initialize","message":"Initialize called","data":{"id":1,"dataName":"Blindsighted_T1","maxCharges":3},"hypothesisId":"H2,H3,H4","timestamp":1773035798271}
{"sessionId":"0a7b18","location":"CardVisual.RefreshChargeStars","message":"RefreshChargeStars","data":{"chargeStarsNull":false,"chargeStarsLength":3,"dataName":"Blindsighted_T1","maxCh":3,"showStars":true,"enabledCount":3},"hypothesisId":"H1,H2,H5","timestamp":1773035798272}
{"sessionId":"0a7b18","location":"CardVisual.RefreshChargeStars","message":"Find results","data":{"starRootName":"TiltPivot","foundStar1":true,"foundStar2":true,"foundStar3":true,"maxCh":3},"hypothesisId":"Find","timestamp":1773035798273}
{"sessionId":"0a7b18","location":"CardVisual.Initialize","message":"Initialize called","data":{"id":2,"dataName":"Blindsighted_T1","maxCharges":3},"hypothesisId":"H2,H3,H4","timestamp":1773035798275}
{"sessionId":"0a7b18","location":"CardVisual.RefreshChargeStars","message":"RefreshChargeStars","data":{"chargeStarsNull":false,"chargeStarsLength":3,"dataName":"Blindsighted_T1","maxCh":3,"showStars":true,"enabledCount":3},"hypothesisId":"H1,H2,H5","timestamp":1773035798276}
{"sessionId":"0a7b18","location":"CardVisual.RefreshChargeStars","message":"Find results","data":{"starRootName":"TiltPivot","foundStar1":true,"foundStar2":true,"foundStar3":true,"maxCh":3},"hypothesisId":"Find","timestamp":1773035798276}
{"sessionId":"0a7b18","location":"CardVisual.Initialize","message":"Initialize called","data":{"id":3,"dataName":"Blindsighted_T1","maxCharges":3},"hypothesisId":"H2,H3,H4","timestamp":1773035798278}
{"sessionId":"0a7b18","location":"CardVisual.RefreshChargeStars","message":"RefreshChargeStars","data":{"chargeStarsNull":false,"chargeStarsLength":3,"dataName":"Blindsighted_T1","maxCh":3,"showStars":true,"enabledCount":3},"hypothesisId":"H1,H2,H5","timestamp":1773035798279}
{"sessionId":"0a7b18","location":"CardVisual.RefreshChargeStars","message":"Find results","data":{"starRootName":"TiltPivot","foundStar1":true,"foundStar2":true,"foundStar3":true,"maxCh":3},"hypothesisId":"Find","timestamp":1773035798280}
{"sessionId":"0a7b18","location":"CardVisual.Initialize","message":"Initialize called","data":{"id":4,"dataName":"Blindsighted_T1","maxCharges":3},"hypothesisId":"H2,H3,H4","timestamp":1773035798282}
{"sessionId":"0a7b18","location":"CardVisual.RefreshChargeStars","message":"RefreshChargeStars","data":{"chargeStarsNull":false,"chargeStarsLength":3,"dataName":"Blindsighted_T1","maxCh":3,"showStars":true,"enabledCount":3},"hypothesisId":"H1,H2,H5","timestamp":1773035798282}
{"sessionId":"0a7b18","location":"CardVisual.RefreshChargeStars","message":"Find results","data":{"starRootName":"TiltPivot","foundStar1":true,"foundStar2":true,"foundStar3":true,"maxCh":3},"hypothesisId":"Find","timestamp":1773035798283}
{"sessionId":"0a7b18","location":"BoardManager.PerformMerge","message":"Calling Initialize with nextTier after merge","data":{"nextTierName":"Blindsighted_T2","nextTierMaxCharges":2},"hypothesisId":"H3,H4","timestamp":1773035838568}
{"sessionId":"0a7b18","location":"CardVisual.Initialize","message":"Initialize called","data":{"id":3,"dataName":"Blindsighted_T2","maxCharges":2},"hypothesisId":"H2,H3,H4","timestamp":1773035838568}
{"sessionId":"0a7b18","location":"CardVisual.RefreshChargeStars","message":"RefreshChargeStars","data":{"chargeStarsNull":false,"chargeStarsLength":3,"dataName":"Blindsighted_T2","maxCh":2,"showStars":true,"enabledCount":2},"hypothesisId":"H1,H2,H5","timestamp":1773035838568}
{"sessionId":"0a7b18","location":"CardVisual.RefreshChargeStars","message":"Find results","data":{"starRootName":"TiltPivot","foundStar1":true,"foundStar2":true,"foundStar3":true,"maxCh":2},"hypothesisId":"Find","timestamp":1773035838569}
{"sessionId":"0a7b18","location":"CardVisual.Initialize","message":"Initialize called","data":{"id":9,"dataName":"Blindsighted_T1","maxCharges":3},"hypothesisId":"H2,H3,H4","timestamp":1773035919756}
{"sessionId":"0a7b18","location":"CardVisual.RefreshChargeStars","message":"RefreshChargeStars","data":{"chargeStarsNull":false,"chargeStarsLength":3,"dataName":"Blindsighted_T1","maxCh":3,"showStars":true,"enabledCount":3},"hypothesisId":"H1,H2,H5","timestamp":1773035919758}
{"sessionId":"0a7b18","location":"CardVisual.RefreshChargeStars","message":"Find results","data":{"starRootName":"TiltPivot","foundStar1":true,"foundStar2":true,"foundStar3":true,"maxCh":3},"hypothesisId":"Find","timestamp":1773035919760}
{"sessionId":"0a7b18","location":"CardVisual.Initialize","message":"Initialize called","data":{"id":22,"dataName":"Heartstab_T1","maxCharges":3},"hypothesisId":"H2,H3,H4","timestamp":1773035925252}
{"sessionId":"0a7b18","location":"CardVisual.RefreshChargeStars","message":"RefreshChargeStars","data":{"chargeStarsNull":false,"chargeStarsLength":3,"dataName":"Heartstab_T1","maxCh":3,"showStars":true,"enabledCount":3},"hypothesisId":"H1,H2,H5","timestamp":1773035925253}
{"sessionId":"0a7b18","location":"CardVisual.RefreshChargeStars","message":"Find results","data":{"starRootName":"TiltPivot","foundStar1":true,"foundStar2":true,"foundStar3":true,"maxCh":3},"hypothesisId":"Find","timestamp":1773035925253}
{"sessionId":"0a7b18","location":"CardVisual.RefreshChargeStars","message":"RefreshChargeStars","data":{"chargeStarsNull":false,"chargeStarsLength":3,"dataName":"Heartstab_T1","maxCh":3,"showStars":false,"enabledCount":0},"hypothesisId":"H1,H2,H5","timestamp":1773035925254}
{"sessionId":"0a7b18","location":"CardVisual.RefreshChargeStars","message":"Find results","data":{"starRootName":"TiltPivot","foundStar1":true,"foundStar2":true,"foundStar3":true,"maxCh":3},"hypothesisId":"Find","timestamp":1773035925254}
{"sessionId":"0a7b18","location":"CardVisual.Initialize","message":"Initialize called","data":{"id":26,"dataName":"Heartstab_T1","maxCharges":3},"hypothesisId":"H2,H3,H4","timestamp":1773035926979}
{"sessionId":"0a7b18","location":"CardVisual.RefreshChargeStars","message":"RefreshChargeStars","data":{"chargeStarsNull":false,"chargeStarsLength":3,"dataName":"Heartstab_T1","maxCh":3,"showStars":true,"enabledCount":3},"hypothesisId":"H1,H2,H5","timestamp":1773035926980}
{"sessionId":"0a7b18","location":"CardVisual.RefreshChargeStars","message":"Find results","data":{"starRootName":"TiltPivot","foundStar1":true,"foundStar2":true,"foundStar3":true,"maxCh":3},"hypothesisId":"Find","timestamp":1773035926981}
{"sessionId":"0a7b18","location":"CardVisual.RefreshChargeStars","message":"RefreshChargeStars","data":{"chargeStarsNull":false,"chargeStarsLength":3,"dataName":"Heartstab_T1","maxCh":3,"showStars":false,"enabledCount":0},"hypothesisId":"H1,H2,H5","timestamp":1773035926982}
{"sessionId":"0a7b18","location":"CardVisual.RefreshChargeStars","message":"Find results","data":{"starRootName":"TiltPivot","foundStar1":true,"foundStar2":true,"foundStar3":true,"maxCh":3},"hypothesisId":"Find","timestamp":1773035926982}
{"sessionId":"0a7b18","location":"BoardManager.PerformMerge","message":"Calling Initialize with nextTier after merge","data":{"nextTierName":"Heartstab_T2","nextTierMaxCharges":2},"hypothesisId":"H3,H4","timestamp":1773035927484}
{"sessionId":"0a7b18","location":"CardVisual.Initialize","message":"Initialize called","data":{"id":22,"dataName":"Heartstab_T2","maxCharges":2},"hypothesisId":"H2,H3,H4","timestamp":1773035927485}
{"sessionId":"0a7b18","location":"CardVisual.RefreshChargeStars","message":"RefreshChargeStars","data":{"chargeStarsNull":false,"chargeStarsLength":3,"dataName":"Heartstab_T2","maxCh":2,"showStars":false,"enabledCount":0},"hypothesisId":"H1,H2,H5","timestamp":1773035927487}
{"sessionId":"0a7b18","location":"CardVisual.RefreshChargeStars","message":"Find results","data":{"starRootName":"TiltPivot","foundStar1":true,"foundStar2":true,"foundStar3":true,"maxCh":2},"hypothesisId":"Find","timestamp":1773035927487}
{"sessionId":"0a7b18","location":"CardVisual.Initialize","message":"Initialize called","data":{"id":34,"dataName":"Lovestruck_T1","maxCharges":3},"hypothesisId":"H2,H3,H4","timestamp":1773035929282}
{"sessionId":"0a7b18","location":"CardVisual.RefreshChargeStars","message":"RefreshChargeStars","data":{"chargeStarsNull":false,"chargeStarsLength":3,"dataName":"Lovestruck_T1","maxCh":3,"showStars":true,"enabledCount":3},"hypothesisId":"H1,H2,H5","timestamp":1773035929283}
{"sessionId":"0a7b18","location":"CardVisual.RefreshChargeStars","message":"Find results","data":{"starRootName":"TiltPivot","foundStar1":true,"foundStar2":true,"foundStar3":true,"maxCh":3},"hypothesisId":"Find","timestamp":1773035929284}
{"sessionId":"0a7b18","location":"CardVisual.RefreshChargeStars","message":"RefreshChargeStars","data":{"chargeStarsNull":false,"chargeStarsLength":3,"dataName":"Lovestruck_T1","maxCh":3,"showStars":false,"enabledCount":0},"hypothesisId":"H1,H2,H5","timestamp":1773035929284}
{"sessionId":"0a7b18","location":"CardVisual.RefreshChargeStars","message":"Find results","data":{"starRootName":"TiltPivot","foundStar1":true,"foundStar2":true,"foundStar3":true,"maxCh":3},"hypothesisId":"Find","timestamp":1773035929285}
{"sessionId":"0a7b18","location":"CardVisual.RefreshChargeStars","message":"RefreshChargeStars","data":{"chargeStarsNull":false,"chargeStarsLength":3,"dataName":"Heartstab_T2","maxCh":2,"showStars":true,"enabledCount":2},"hypothesisId":"H1,H2,H5","timestamp":1773035935251}
{"sessionId":"0a7b18","location":"CardVisual.RefreshChargeStars","message":"Find results","data":{"starRootName":"TiltPivot","foundStar1":true,"foundStar2":true,"foundStar3":true,"maxCh":2},"hypothesisId":"Find","timestamp":1773035935251}
{"sessionId":"0a7b18","location":"CardVisual.RefreshChargeStars","message":"RefreshChargeStars","data":{"chargeStarsNull":false,"chargeStarsLength":3,"dataName":"Lovestruck_T1","maxCh":3,"showStars":true,"enabledCount":3},"hypothesisId":"H1,H2,H5","timestamp":1773035935869}
{"sessionId":"0a7b18","location":"CardVisual.RefreshChargeStars","message":"Find results","data":{"starRootName":"TiltPivot","foundStar1":true,"foundStar2":true,"foundStar3":true,"maxCh":3},"hypothesisId":"Find","timestamp":1773035935869}
{"sessionId":"0a7b18","location":"CardVisual.Initialize","message":"Initialize called","data":{"id":48,"dataName":"RoseTintedGlasses_T1","maxCharges":3},"hypothesisId":"H2,H3,H4","timestamp":1773035943645}
{"sessionId":"0a7b18","location":"CardVisual.RefreshChargeStars","message":"RefreshChargeStars","data":{"chargeStarsNull":false,"chargeStarsLength":3,"dataName":"RoseTintedGlasses_T1","maxCh":3,"showStars":true,"enabledCount":3},"hypothesisId":"H1,H2,H5","timestamp":1773035943646}
{"sessionId":"0a7b18","location":"CardVisual.RefreshChargeStars","message":"Find results","data":{"starRootName":"TiltPivot","foundStar1":true,"foundStar2":true,"foundStar3":true,"maxCh":3},"hypothesisId":"Find","timestamp":1773035943647}
{"sessionId":"0a7b18","location":"CardVisual.RefreshChargeStars","message":"RefreshChargeStars","data":{"chargeStarsNull":false,"chargeStarsLength":3,"dataName":"Heartstab_T2","maxCh":2,"showStars":true,"enabledCount":2},"hypothesisId":"H1,H2,H5","timestamp":1773035954071}
{"sessionId":"0a7b18","location":"CardVisual.RefreshChargeStars","message":"Find results","data":{"starRootName":"TiltPivot","foundStar1":true,"foundStar2":true,"foundStar3":true,"maxCh":2},"hypothesisId":"Find","timestamp":1773035954071}
{"sessionId":"0a7b18","location":"CardVisual.Initialize","message":"Initialize called","data":{"id":33,"dataName":"Lovestruck_T1","maxCharges":3},"hypothesisId":"H2,H3,H4","timestamp":1773035958964}
{"sessionId":"0a7b18","location":"CardVisual.RefreshChargeStars","message":"RefreshChargeStars","data":{"chargeStarsNull":false,"chargeStarsLength":3,"dataName":"Lovestruck_T1","maxCh":3,"showStars":true,"enabledCount":3},"hypothesisId":"H1,H2,H5","timestamp":1773035958966}
{"sessionId":"0a7b18","location":"CardVisual.RefreshChargeStars","message":"Find results","data":{"starRootName":"TiltPivot","foundStar1":true,"foundStar2":true,"foundStar3":true,"maxCh":3},"hypothesisId":"Find","timestamp":1773035958966}
{"sessionId":"0a7b18","location":"CardVisual.Initialize","message":"Initialize called","data":{"id":34,"dataName":"Lovestruck_T1","maxCharges":3},"hypothesisId":"H2,H3,H4","timestamp":1773035974400}
{"sessionId":"0a7b18","location":"CardVisual.RefreshChargeStars","message":"RefreshChargeStars","data":{"chargeStarsNull":false,"chargeStarsLength":3,"dataName":"Lovestruck_T1","maxCh":3,"showStars":true,"enabledCount":3},"hypothesisId":"H1,H2,H5","timestamp":1773035974402}
{"sessionId":"0a7b18","location":"CardVisual.RefreshChargeStars","message":"Find results","data":{"starRootName":"TiltPivot","foundStar1":true,"foundStar2":true,"foundStar3":true,"maxCh":3},"hypothesisId":"Find","timestamp":1773035974403}
{"sessionId":"0a7b18","location":"CardVisual.RefreshChargeStars","message":"RefreshChargeStars","data":{"chargeStarsNull":false,"chargeStarsLength":3,"dataName":"Lovestruck_T1","maxCh":3,"showStars":true,"enabledCount":3},"hypothesisId":"H1,H2,H5","timestamp":1773035975008}
{"sessionId":"0a7b18","location":"CardVisual.RefreshChargeStars","message":"Find results","data":{"starRootName":"TiltPivot","foundStar1":true,"foundStar2":true,"foundStar3":true,"maxCh":3},"hypothesisId":"Find","timestamp":1773035975009}
{"sessionId":"0a7b18","location":"CardVisual.Initialize","message":"Initialize called","data":{"id":4,"dataName":"Blindsighted_T1","maxCharges":3},"hypothesisId":"H2,H3,H4","timestamp":1773035979910}
{"sessionId":"0a7b18","location":"CardVisual.RefreshChargeStars","message":"RefreshChargeStars","data":{"chargeStarsNull":false,"chargeStarsLength":3,"dataName":"Blindsighted_T1","maxCh":3,"showStars":true,"enabledCount":3},"hypothesisId":"H1,H2,H5","timestamp":1773035979910}
{"sessionId":"0a7b18","location":"CardVisual.RefreshChargeStars","message":"Find results","data":{"starRootName":"TiltPivot","foundStar1":true,"foundStar2":true,"foundStar3":true,"maxCh":3},"hypothesisId":"Find","timestamp":1773035979911}
